mode: atomic
github.com/Pamawas/pamawas-correlator/config/config.go:19.20,22.16 3 0
github.com/Pamawas/pamawas-correlator/config/config.go:22.16,23.65 1 0
github.com/Pamawas/pamawas-correlator/config/config.go:26.2,28.16 3 0
github.com/Pamawas/pamawas-correlator/config/config.go:28.16,29.62 1 0
github.com/Pamawas/pamawas-correlator/config/config.go:32.2,42.27 2 0
github.com/Pamawas/pamawas-correlator/config/config.go:42.27,43.53 1 0
github.com/Pamawas/pamawas-correlator/config/config.go:45.2,45.12 1 0
github.com/Pamawas/pamawas-correlator/config/config.go:48.42,49.34 1 0
github.com/Pamawas/pamawas-correlator/config/config.go:49.34,51.3 1 0
github.com/Pamawas/pamawas-correlator/config/config.go:52.2,52.17 1 0
github.com/Pamawas/pamawas-correlator/main.go:22.13,37.16 5 0
github.com/Pamawas/pamawas-correlator/main.go:37.16,39.3 1 0
github.com/Pamawas/pamawas-correlator/main.go:40.2,40.15 1 0
github.com/Pamawas/pamawas-correlator/main.go:40.15,41.36 1 0
github.com/Pamawas/pamawas-correlator/main.go:41.36,43.4 1 0
github.com/Pamawas/pamawas-correlator/main.go:46.2,49.26 3 0
github.com/Pamawas/pamawas-correlator/main.go:49.26,50.45 1 0
github.com/Pamawas/pamawas-correlator/main.go:50.45,51.9 1 0
github.com/Pamawas/pamawas-correlator/main.go:53.3,54.30 2 0
github.com/Pamawas/pamawas-correlator/main.go:57.2,57.44 1 0
github.com/Pamawas/pamawas-correlator/main.go:57.44,59.3 1 0
github.com/Pamawas/pamawas-correlator/main.go:61.2,73.26 5 0
github.com/Pamawas/pamawas-correlator/main.go:73.26,75.3 1 0
github.com/Pamawas/pamawas-correlator/main.go:78.2,95.12 8 0
github.com/Pamawas/pamawas-correlator/main.go:95.12,105.43 8 0
github.com/Pamawas/pamawas-correlator/main.go:105.43,107.4 1 0
github.com/Pamawas/pamawas-correlator/main.go:110.2,111.76 2 0
github.com/Pamawas/pamawas-correlator/main.go:111.76,113.3 1 0
github.com/Pamawas/pamawas-correlator/main.go:115.2,115.45 1 0
github.com/Pamawas/pamawas-correlator/main.go:118.36,120.16 2 0
github.com/Pamawas/pamawas-correlator/main.go:120.16,122.3 1 0
github.com/Pamawas/pamawas-correlator/main.go:123.2,125.38 2 0
github.com/Pamawas/pamawas-correlator/main.go:125.38,127.3 1 0
github.com/Pamawas/pamawas-correlator/main.go:127.8,129.3 1 0
github.com/Pamawas/pamawas-correlator/metrics/metrics.go:20.28,67.2 1 0
github.com/Pamawas/pamawas-correlator/handlers/handlers.go:28.77,37.2 2 0
github.com/Pamawas/pamawas-correlator/handlers/handlers.go:40.73,42.32 2 0
github.com/Pamawas/pamawas-correlator/handlers/handlers.go:42.32,45.3 2 0
github.com/Pamawas/pamawas-correlator/handlers/handlers.go:47.2,47.54 1 0
github.com/Pamawas/pamawas-correlator/handlers/handlers.go:47.54,54.24 4 0
github.com/Pamawas/pamawas-correlator/handlers/handlers.go:54.24,56.4 1 0
github.com/Pamawas/pamawas-correlator/handlers/handlers.go:57.3,57.9 1 0
github.com/Pamawas/pamawas-correlator/handlers/handlers.go:60.2,73.17 6 0
github.com/Pamawas/pamawas-correlator/handlers/handlers.go:73.17,75.3 1 0
github.com/Pamawas/pamawas-correlator/handlers/handlers.go:79.72,81.32 2 0
github.com/Pamawas/pamawas-correlator/handlers/handlers.go:81.32,84.3 2 0
github.com/Pamawas/pamawas-correlator/handlers/handlers.go:86.2,86.54 1 0
github.com/Pamawas/pamawas-correlator/handlers/handlers.go:86.54,92.24 3 0
github.com/Pamawas/pamawas-correlator/handlers/handlers.go:92.24,94.4 1 0
github.com/Pamawas/pamawas-correlator/handlers/handlers.go:95.3,95.9 1 0
github.com/Pamawas/pamawas-correlator/handlers/handlers.go:98.2,99.90 2 0
github.com/Pamawas/pamawas-correlator/handlers/handlers.go:99.90,101.3 1 0
github.com/Pamawas/pamawas-correlator/handlers/handlers.go:105.74,107.33 2 0
github.com/Pamawas/pamawas-correlator/handlers/handlers.go:107.33,110.3 2 0
github.com/Pamawas/pamawas-correlator/handlers/handlers.go:112.2,112.49 1 0
github.com/Pamawas/pamawas-correlator/handlers/handlers.go:112.49,115.3 2 0
github.com/Pamawas/pamawas-correlator/handlers/handlers.go:117.2,120.17 2 0
github.com/Pamawas/pamawas-correlator/handlers/handlers.go:120.17,122.3 1 0
github.com/Pamawas/pamawas-correlator/handlers/handlers.go:126.73,128.32 2 0
github.com/Pamawas/pamawas-correlator/handlers/handlers.go:128.32,131.3 2 0
github.com/Pamawas/pamawas-correlator/handlers/handlers.go:133.2,144.17 3 0
github.com/Pamawas/pamawas-correlator/handlers/handlers.go:144.17,146.3 1 0
github.com/Pamawas/pamawas-correlator/handlers/handlers.go:150.49,152.2 1 0
github.com/Pamawas/pamawas-correlator/service/correlator.go:35.113,47.2 2 0
github.com/Pamawas/pamawas-correlator/service/correlator.go:50.31,52.2 1 0
github.com/Pamawas/pamawas-correlator/service/correlator.go:55.33,57.2 1 0
github.com/Pamawas/pamawas-correlator/service/correlator.go:60.42,62.2 1 0
github.com/Pamawas/pamawas-correlator/service/correlator.go:65.37,67.2 1 0
github.com/Pamawas/pamawas-correlator/service/correlator.go:70.44,72.2 1 0
github.com/Pamawas/pamawas-correlator/service/correlator.go:75.40,77.15 2 0
github.com/Pamawas/pamawas-correlator/service/correlator.go:77.15,80.3 2 0
github.com/Pamawas/pamawas-correlator/service/correlator.go:81.2,85.15 4 0
github.com/Pamawas/pamawas-correlator/service/correlator.go:85.15,90.3 4 0
github.com/Pamawas/pamawas-correlator/service/correlator.go:92.2,100.16 6 0
github.com/Pamawas/pamawas-correlator/service/correlator.go:100.16,103.3 2 0
github.com/Pamawas/pamawas-correlator/service/correlator.go:104.2,104.22 1 0
github.com/Pamawas/pamawas-correlator/service/correlator.go:104.22,108.3 3 0
github.com/Pamawas/pamawas-correlator/service/correlator.go:110.2,119.51 6 0
github.com/Pamawas/pamawas-correlator/service/correlator.go:119.51,122.3 2 0
github.com/Pamawas/pamawas-correlator/service/correlator.go:125.2,136.12 9 0
github.com/Pamawas/pamawas-correlator/service/correlator.go:140.70,151.16 3 0
github.com/Pamawas/pamawas-correlator/service/correlator.go:151.16,153.3 1 0
github.com/Pamawas/pamawas-correlator/service/correlator.go:154.2,154.15 1 0
github.com/Pamawas/pamawas-correlator/service/correlator.go:154.15,155.48 1 0
github.com/Pamawas/pamawas-correlator/service/correlator.go:155.48,157.4 1 0
github.com/Pamawas/pamawas-correlator/service/correlator.go:160.2,161.18 2 0
github.com/Pamawas/pamawas-correlator/service/correlator.go:161.18,167.17 3 0
github.com/Pamawas/pamawas-correlator/service/correlator.go:167.17,169.4 1 0
github.com/Pamawas/pamawas-correlator/service/correlator.go:170.3,170.63 1 0
github.com/Pamawas/pamawas-correlator/service/correlator.go:170.63,172.4 1 0
github.com/Pamawas/pamawas-correlator/service/correlator.go:173.3,173.29 1 0
github.com/Pamawas/pamawas-correlator/service/correlator.go:175.2,175.27 1 0
github.com/Pamawas/pamawas-correlator/service/correlator.go:179.88,180.22 1 0
github.com/Pamawas/pamawas-correlator/service/correlator.go:180.22,182.3 1 0
github.com/Pamawas/pamawas-correlator/service/correlator.go:185.2,185.41 1 0
github.com/Pamawas/pamawas-correlator/service/correlator.go:185.41,187.3 1 0
github.com/Pamawas/pamawas-correlator/service/correlator.go:189.2,192.31 3 0
github.com/Pamawas/pamawas-correlator/service/correlator.go:192.31,193.29 1 0
github.com/Pamawas/pamawas-correlator/service/correlator.go:193.29,195.12 2 0
github.com/Pamawas/pamawas-correlator/service/correlator.go:199.3,200.47 2 0
github.com/Pamawas/pamawas-correlator/service/correlator.go:200.47,202.4 1 0
github.com/Pamawas/pamawas-correlator/service/correlator.go:202.9,204.29 1 0
github.com/Pamawas/pamawas-correlator/service/correlator.go:204.29,207.5 2 0
github.com/Pamawas/pamawas-correlator/service/correlator.go:208.4,208.40 1 0
github.com/Pamawas/pamawas-correlator/service/correlator.go:213.2,213.27 1 0
github.com/Pamawas/pamawas-correlator/service/correlator.go:213.27,216.3 2 0
github.com/Pamawas/pamawas-correlator/service/correlator.go:218.2,218.18 1 0
github.com/Pamawas/pamawas-correlator/service/correlator.go:222.69,224.51 1 0
github.com/Pamawas/pamawas-correlator/service/correlator.go:224.51,226.3 1 0
github.com/Pamawas/pamawas-correlator/service/correlator.go:229.2,229.70 1 0
github.com/Pamawas/pamawas-correlator/service/correlator.go:229.70,231.3 1 0
github.com/Pamawas/pamawas-correlator/service/correlator.go:234.2,234.30 1 0
github.com/Pamawas/pamawas-correlator/service/correlator.go:234.30,235.52 1 0
github.com/Pamawas/pamawas-correlator/service/correlator.go:235.52,237.4 1 0
github.com/Pamawas/pamawas-correlator/service/correlator.go:240.2,240.14 1 0
github.com/Pamawas/pamawas-correlator/service/correlator.go:244.84,245.21 1 0
github.com/Pamawas/pamawas-correlator/service/correlator.go:245.21,247.3 1 0
github.com/Pamawas/pamawas-correlator/service/correlator.go:250.2,257.30 7 0
github.com/Pamawas/pamawas-correlator/service/correlator.go:257.30,258.13 1 0
github.com/Pamawas/pamawas-correlator/service/correlator.go:258.13,261.4 2 0
github.com/Pamawas/pamawas-correlator/service/correlator.go:261.9,262.39 1 0
github.com/Pamawas/pamawas-correlator/service/correlator.go:262.39,264.5 1 0
github.com/Pamawas/pamawas-correlator/service/correlator.go:265.4,265.38 1 0
github.com/Pamawas/pamawas-correlator/service/correlator.go:265.38,267.5 1 0
github.com/Pamawas/pamawas-correlator/service/correlator.go:270.3,270.56 1 0
github.com/Pamawas/pamawas-correlator/service/correlator.go:270.56,273.4 2 0
github.com/Pamawas/pamawas-correlator/service/correlator.go:274.3,274.24 1 0
github.com/Pamawas/pamawas-correlator/service/correlator.go:274.24,276.4 1 0
github.com/Pamawas/pamawas-correlator/service/correlator.go:277.3,277.27 1 0
github.com/Pamawas/pamawas-correlator/service/correlator.go:277.27,279.4 1 0
github.com/Pamawas/pamawas-correlator/service/correlator.go:280.3,280.25 1 0
github.com/Pamawas/pamawas-correlator/service/correlator.go:280.25,282.4 1 0
github.com/Pamawas/pamawas-correlator/service/correlator.go:286.2,287.21 2 0
github.com/Pamawas/pamawas-correlator/service/correlator.go:287.21,289.3 1 0
github.com/Pamawas/pamawas-correlator/service/correlator.go:292.2,295.31 4 0
github.com/Pamawas/pamawas-correlator/service/correlator.go:295.31,296.59 1 0
github.com/Pamawas/pamawas-correlator/service/correlator.go:296.59,299.4 2 0
github.com/Pamawas/pamawas-correlator/service/correlator.go:303.2,306.29 4 0
github.com/Pamawas/pamawas-correlator/service/correlator.go:306.29,307.55 1 0
github.com/Pamawas/pamawas-correlator/service/correlator.go:307.55,310.4 2 0
github.com/Pamawas/pamawas-correlator/service/correlator.go:313.2,322.3 1 0
github.com/Pamawas/pamawas-correlator/service/correlator.go:326.69,328.30 2 0
github.com/Pamawas/pamawas-correlator/service/correlator.go:328.30,330.3 1 0
github.com/Pamawas/pamawas-correlator/service/correlator.go:331.2,331.12 1 0
github.com/Pamawas/pamawas-correlator/service/correlator.go:335.71,336.25 1 0
github.com/Pamawas/pamawas-correlator/service/correlator.go:336.25,338.3 1 0
github.com/Pamawas/pamawas-correlator/service/correlator.go:340.2,341.16 2 0
github.com/Pamawas/pamawas-correlator/service/correlator.go:341.16,343.3 1 0
github.com/Pamawas/pamawas-correlator/service/correlator.go:344.2,344.15 1 0
github.com/Pamawas/pamawas-correlator/service/correlator.go:344.15,345.43 1 0
github.com/Pamawas/pamawas-correlator/service/correlator.go:345.43,347.4 1 0
github.com/Pamawas/pamawas-correlator/service/correlator.go:350.2,350.37 1 0
github.com/Pamawas/pamawas-correlator/service/correlator.go:350.37,355.17 2 0
github.com/Pamawas/pamawas-correlator/service/correlator.go:355.17,357.4 1 0
github.com/Pamawas/pamawas-correlator/service/correlator.go:360.3,360.45 1 0
github.com/Pamawas/pamawas-correlator/service/correlator.go:360.45,365.18 2 0
github.com/Pamawas/pamawas-correlator/service/correlator.go:365.18,367.5 1 0
github.com/Pamawas/pamawas-correlator/service/correlator.go:371.2,371.20 1 0
github.com/Pamawas/pamawas-correlator/service/correlator.go:375.66,376.22 1 0
github.com/Pamawas/pamawas-correlator/service/correlator.go:376.22,378.3 1 0
github.com/Pamawas/pamawas-correlator/service/correlator.go:386.36,390.6 3 0
github.com/Pamawas/pamawas-correlator/service/correlator.go:390.6,391.10 1 0
github.com/Pamawas/pamawas-correlator/service/correlator.go:392.23,394.10 2 0
github.com/Pamawas/pamawas-correlator/service/correlator.go:395.19,396.40 1 0
github.com/Pamawas/pamawas-correlator/service/correlator.go:396.40,398.5 1 0
github.com/Pamawas/pamawas-correlator/service/correlator.go:404.29,407.2 2 0
